../Core/Src/main.c:109:6:HAL_UART_RxCpltCallback	16	static
../Core/Src/main.c:144:5:main	32	static
../Core/Src/main.c:216:6:SystemClock_Config	72	static
../Core/Src/main.c:256:13:MX_TIM2_Init	64	static
../Core/Src/main.c:315:13:MX_USART1_UART_Init	8	static
../Core/Src/main.c:346:13:MX_DMA_Init	16	static
../Core/Src/main.c:364:13:MX_GPIO_Init	40	static
../Core/Src/main.c:391:6:reset_rx_buffer	8	static
../Core/Src/main.c:399:1:__io_putchar	16	static
../Core/Src/main.c:414:6:Error_Handler	4	static,ignoring_inline_asm
