../Core/Src/main.c:113:6:HAL_UART_RxCpltCallback	16	static
../Core/Src/main.c:148:5:main	32	static
../Core/Src/main.c:240:6:SystemClock_Config	72	static
../Core/Src/main.c:280:13:MX_TIM2_Init	64	static
../Core/Src/main.c:339:13:MX_USART1_UART_Init	8	static
../Core/Src/main.c:372:13:MX_GPIO_Init	40	static
../Core/Src/main.c:399:6:reset_rx_buffer	8	static
../Core/Src/main.c:405:5:map	24	static
../Core/Src/main.c:412:6:servo_1_speed_control	24	static
../Core/Src/main.c:424:1:__io_putchar	16	static
../Core/Src/main.c:439:6:Error_Handler	4	static,ignoring_inline_asm
